// Jest Snapshot v1, https://goo.gl/fbAQLP

exports[`homepage must be correctly rendered 1`] = `
<div>
  <header
    class="header"
  >
    <div
      aria-label="Fatnezz logo"
      class="logo"
      role="img"
    />
  </header>
  <div
    class="home-container"
  >
    <div
      class="container"
    >
      <form
        class="group-input-btn"
      >
        <div>
          <input
            placeholder="Peso"
            type="text"
          />
          <input
            placeholder="Altura"
            type="text"
          />
          <input
            placeholder="Idade"
            type="text"
          />
          <select
            placeholder="genderInput"
          >
            <option
              value="0"
            >
              Selecione
            </option>
            <option
              value="1"
            >
              Feminino
            </option>
            <option
              value="2"
            >
              Masculino
            </option>
          </select>
          <select
            placeholder="activityLevelInput"
          >
            <option
              value="0"
            >
              Selecione
            </option>
            <option
              value="1"
            >
              Baixo
            </option>
            <option
              value="2"
            >
              Médio
            </option>
            <option
              value="3"
            >
              Alto
            </option>
          </select>
          <button
            disabled=""
            type="submit"
          >
            Calcular
          </button>
        </div>
      </form>
      <div
        class="group-input-result"
      >
        <label
          id="calorie-count"
        >
          Calorias diárias recomendadas
        </label>
        <input
          aria-labelledby="calorie-count"
          disabled=""
          type="text"
          value="0"
        />
        <label
          id="bmi-count"
        >
          Indice de massa corporal
        </label>
        <input
          aria-labelledby="bmi-count"
          disabled=""
          type="text"
          value="0"
        />
        <label
          id="bmr-count"
        >
          Taxa metabólica basal
        </label>
        <input
          aria-labelledby="bmr-count"
          disabled=""
          type="text"
          value="0"
        />
        <label
          id="ideal-weight"
        >
          Peso ideal
        </label>
        <input
          aria-labelledby="ideal-weight"
          disabled=""
          type="text"
          value="0"
        />
      </div>
    </div>
  </div>
  <footer
    class="footer"
  >
    Fatneez© Todos os direitos reservados
  </footer>
</div>
`;
